
> chrilly-crochet@0.0.0 build
> tsc && vite build

src/App.tsx(1,1): error TS6133: 'React' is declared but its value is never read.
src/components/Hero.tsx(1,17): error TS6133: 'useEffect' is declared but its value is never read.
