src/components/TheWovenGarden.tsx(73,10): error TS6133: 'mousePos' is declared but its value is never read.
